INFO         | Android emulator version 36.2.12.0 (build_id 14214601) (CL:N/A)
INFO         | Graphics backend: gfxstream
INFO         | Found systemPath C:\Users\CSH\AppData\Local\Android\Sdk\system-images\android-36\google_apis_playstore\x86_64\
WARNING      | Please update the emulator to one that supports the feature(s): VulkanVirtualQueue
INFO         | IPv4 server found: 168.126.63.1
INFO         | Ignore IPv6 address: a0e6:3dff:f701:0:a0e6:3dff:f701:0
INFO         | Ignore IPv6 address: a0e6:3dff:f701:0:a0e6:3dff:f701:0
INFO         | Ignore IPv6 address: a0e6:3dff:f701:0:a0e6:3dff:f701:0
INFO         | Ignore IPv6 address: 98ec:3dff:f701:0:a0e6:3dff:f701:0
INFO         | Ignore IPv6 address: 98ec:3dff:f701:0:a0e6:3dff:f701:0
INFO         | Ignore IPv6 address: 98ec:3dff:f701:0:a0e6:3dff:f701:0
INFO         | Ignore IPv6 address: 68fb:3dff:f701:0:a0e6:3dff:f701:0
INFO         | Ignore IPv6 address: 68fb:3dff:f701:0:a0e6:3dff:f701:0
INFO         | Ignore IPv6 address: 68fb:3dff:f701:0:a0e6:3dff:f701:0
INFO         | Ignore IPv6 address: 7001:3eff:f701:0:a0e6:3dff:f701:0
INFO         | Ignore IPv6 address: 7001:3eff:f701:0:a0e6:3dff:f701:0
INFO         | Ignore IPv6 address: 7001:3eff:f701:0:a0e6:3dff:f701:0
INFO         | Ignore IPv6 address: 5007:3eff:f701:0:a0e6:3dff:f701:0
INFO         | Ignore IPv6 address: 5007:3eff:f701:0:a0e6:3dff:f701:0
INFO         | Ignore IPv6 address: 5007:3eff:f701:0:a0e6:3dff:f701:0
INFO         | Guest GLES Driver: Auto (ext controls)
library_mode swiftshader_indirect gpu mode swiftshader_indirect
INFO         | Checking system compatibility:
INFO         |   Checking: hasCompatibleHypervisor
INFO         |      Ok: Hypervisor compatibility to run avd: `Pixel_4` are met
INFO         |   Checking: hasSufficientSystem
INFO         |      Ok: System requirements to run avd: `Pixel_4` are met
INFO         |   Checking: hasSufficientHwGpu
INFO         |      Ok: Hardware GPU compatibility checks are not required
INFO         |   Checking: hasSufficientDiskSpace
INFO         |      Ok: Disk space requirements to run avd: `Pixel_4` are met
INFO         | Critical: Failed to load opengl32sw (지정된 모듈을 찾을 수 없습니다.) (:0, )
INFO         | Warning: Software OpenGL failed. Falling back to system OpenGL. (:0, )
INFO         | Warning: QMetaObject::connectSlotsByName: No matching signal for on_btn_xr_environment_living_room_day_clicked() (:0, )
INFO         | Warning: QMetaObject::connectSlotsByName: No matching signal for on_btn_xr_environment_living_room_night_clicked() (:0, )
INFO         | Warning: QMetaObject::connectSlotsByName: No matching signal for on_new_posture_requested(int) (:0, )
INFO         | Warning: QMetaObject::connectSlotsByName: No matching signal for on_dismiss_posture_selection_dialog() (:0, )
INFO         | Warning: QMetaObject::connectSlotsByName: No matching signal for on_new_resizable_requested(PresetEmulatorSizeType) (:0, )
INFO         | Warning: QMetaObject::connectSlotsByName: No matching signal for on_dismiss_resizable_dialog() (:0, )
INFO         | Warning: QMetaObject::connectSlotsByName: No matching signal for on_xr_environment_mode_changed(int) (:0, )
INFO         | Warning: QMetaObject::connectSlotsByName: No matching signal for on_dismiss_xr_environment_mode_dialog() (:0, )
INFO         | Warning: QMetaObject::connectSlotsByName: No matching signal for on_xr_input_mode_changed(int) (:0, )
INFO         | Warning: QMetaObject::connectSlotsByName: No matching signal for on_dismiss_xr_input_mode_dialog() (:0, )
INFO         | Warning: QMetaObject::connectSlotsByName: No matching signal for on_sleep_timer_done() (:0, )
INFO         | Warning: QMetaObject::connectSlotsByName: No matching signal for on_unfold_timer_done() (:0, )
INFO         | Storing crashdata in: C:\Users\CSH\AppData\Local\Temp\\AndroidEmulator\emu-crash-36.2.12.db, detection is enabled for process: 13132
INFO         | Crash reports will be automatically uploaded to: https://clients2.google.com/cr/report
INFO         | Initializing hardware OpenGLES emulation support
INFO         | android_startOpenglesRenderer: gpu info
INFO         | GPU #1
  Make: 10de
  Model: NVIDIA GeForce RTX 4060 Laptop GPU
  Device ID: 28e0

INFO         | HealthMonitor disabled.
INFO         | initIcdPaths: ICD set to 'swiftshader', using Swiftshader ICD
INFO         | Setting ICD filenames for the loader = C:\Users\CSH\AppData\Local\Android\Sdk\emulator\lib64\vulkan\vk_swiftshader_icd.json
INFO         | SharedLibrary::open for [vulkan-1.dll]
INFO         | SharedLibrary::open for [vulkan-1.dll]: not found in map, open for the first time
INFO         | SharedLibrary::open for [vulkan-1.dll] (win32): call LoadLibrary
INFO         | SharedLibrary::open succeeded for [vulkan-1.dll]. File name: [C:\WINDOWS\SYSTEM32\vulkan-1.dll]
INFO         | Added library: vulkan-1.dll
INFO         | Selecting Vulkan device: SwiftShader Device (LLVM 10.0.0), Version: 1.2.0
INFO         | Disabling sparse binding feature support
INFO         | SharedLibrary::open for [libGLESv2.dll]: not found in map, open for the first time
INFO         | SharedLibrary::open for [libGLESv2.dll] (win32): call LoadLibrary
INFO         | SharedLibrary::open succeeded for [libGLESv2.dll]. File name: [C:\Users\CSH\AppData\Local\Android\Sdk\emulator\lib64\gles_swiftshader\libGLESv2.dll]
INFO         | SharedLibrary::open for [libEGL.dll]: not found in map, open for the first time
INFO         | SharedLibrary::open for [libEGL.dll] (win32): call LoadLibrary
INFO         | SharedLibrary::open succeeded for [libEGL.dll]. File name: [C:\Users\CSH\AppData\Local\Android\Sdk\emulator\lib64\gles_swiftshader\libEGL.dll]
INFO         | Initializing VkEmulation features:
INFO         |     glInteropSupported: false
INFO         |     useDeferredCommands: true
INFO         |     createResourceWithRequirements: true
INFO         |     useVulkanComposition: false
INFO         |     useVulkanNativeSwapchain: false
INFO         |     enable guestRenderDoc: false
INFO         |     ASTC LDR emulation mode: Gpu
INFO         |     enable ETC2 emulation: true
INFO         |     enable Ycbcr emulation: false
INFO         |     guestVulkanOnly: false
INFO         |     useDedicatedAllocations: false
INFO         | Graphics Adapter Vendor Google (Google Inc.)
INFO         | Graphics Adapter Android Emulator OpenGL ES Translator (Google SwiftShader)
INFO         | Graphics API Version OpenGL ES 3.0 (OpenGL ES 3.0 SwiftShader 4.0.0.1)
INFO         | Graphics API Extensions GL_OES_EGL_sync GL_OES_EGL_image GL_OES_EGL_image_external GL_OES_depth24 GL_OES_depth32 GL_OES_element_index_uint GL_OES_texture_float GL_OES_texture_float_linear GL_OES_compressed_paletted_texture GL_OES_compressed_ETC1_RGB8_texture GL_OES_depth_texture GL_OES_texture_half_float GL_OES_texture_half_float_linear GL_OES_packed_depth_stencil GL_OES_vertex_half_float GL_OES_standard_derivatives GL_OES_texture_npot GL_OES_rgb8_rgba8 GL_EXT_color_buffer_float GL_EXT_color_buffer_half_float GL_EXT_texture_format_BGRA8888 GL_APPLE_texture_format_BGRA8888 
INFO         | Graphics Device Extensions N/A
INFO         | Sending adb public key [QAAAAOdWZsApo6HJRyJ3njK3tzjK8pUiyhHffURbwOre7dBzRezo+ZmzcthZ5UbGwPu7kR1SF8Inp9fJmUU7fGsCD2QS1/VKt1QWhABiK8V9ijqseqVD+RgGbNkX/RvXX10dhO35biYKsF0Jb7pgBZea2r3kgn59Sbh393yZRO3tJjwI/Fh+Iq8KhdhygaWJI+gzEN+iycFMlGAvR5m8afLDL0z13524vjb27M1bgyfAjkFElpfXPCzLDf4a1npNYj+UlQTckcAsmJNF14mtj21vc3+I0q+Y2v9eo4JrR9ZKNFiG8606qqhVTx+mgL19PsFTb90N5bgp0C06E+CbTwBzd1TBgDXnVj+6GJdu+tUETsAgY1gj1ytDbduPLQQG5VXuHoStoU+q9Qey3TaKgEhAFivV8+uA/8QelwTvZo/ejVHElBLN+7uTUYyRelokn4itVQvWmrLElBu2+YRK6fheOJpLqHDSuLVTgvDyniq2jrkT2kOC51RcICtg+lr2gto1jmDB2UESv+ZBAJBCFEumWqto0WkP2c7DkjgDLlYXA8Mt1I5tibNBrJVyBY6jky6nP869IYBOjHDX/sFkQyg9ASK1Jhvu1LEbseRZECl4J/hivi2X7rh+MdWJ16I9ZMabsnl95aVvgdye/dYHXGD78+UPpD5vTWo68KCVr+Tyw7/t9SyEKwEAAQA= @unknown]
INFO         | Userspace boot properties:
INFO         |   androidboot.boot_devices=pci0000:00/0000:00:03.0 pci0000:00/0000:00:06.0
INFO         |   androidboot.dalvik.vm.heapsize=512m
INFO         |   androidboot.debug.hwui.renderer=skiagl
INFO         |   androidboot.hardware=ranchu
INFO         |   androidboot.hardware.gltransport=pipe
INFO         |   androidboot.hardware.vulkan=ranchu
INFO         |   androidboot.logcat=*:V
INFO         |   androidboot.opengles.version=196608
INFO         |   androidboot.qemu=1
INFO         |   androidboot.qemu.adb.pubkey=QAAAAOdWZsApo6HJRyJ3njK3tzjK8pUiyhHffURbwOre7dBzRezo+ZmzcthZ5UbGwPu7kR1SF8Inp9fJmUU7fGsCD2QS1/VKt1QWhABiK8V9ijqseqVD+RgGbNkX/RvXX10dhO35biYKsF0Jb7pgBZea2r3kgn59Sbh393yZRO3tJjwI/Fh+Iq8KhdhygaWJI+gzEN+iycFMlGAvR5m8afLDL0z13524vjb27M1bgyfAjkFElpfXPCzLDf4a1npNYj+UlQTckcAsmJNF14mtj21vc3+I0q+Y2v9eo4JrR9ZKNFiG8606qqhVTx+mgL19PsFTb90N5bgp0C06E+CbTwBzd1TBgDXnVj+6GJdu+tUETsAgY1gj1ytDbduPLQQG5VXuHoStoU+q9Qey3TaKgEhAFivV8+uA/8QelwTvZo/ejVHElBLN+7uTUYyRelokn4itVQvWmrLElBu2+YRK6fheOJpLqHDSuLVTgvDyniq2jrkT2kOC51RcICtg+lr2gto1jmDB2UESv+ZBAJBCFEumWqto0WkP2c7DkjgDLlYXA8Mt1I5tibNBrJVyBY6jky6nP869IYBOjHDX/sFkQyg9ASK1Jhvu1LEbseRZECl4J/hivi2X7rh+MdWJ16I9ZMabsnl95aVvgdye/dYHXGD78+UPpD5vTWo68KCVr+Tyw7/t9SyEKwEAAQA= @unknown
INFO         |   androidboot.qemu.avd_name=Pixel_4
INFO         |   androidboot.qemu.camera_hq_edge_processing=0
INFO         |   androidboot.qemu.camera_protocol_ver=1
INFO         |   androidboot.qemu.cpuvulkan.version=4202496
INFO         |   androidboot.qemu.gltransport.drawFlushInterval=800
INFO         |   androidboot.qemu.gltransport.name=pipe
INFO         |   androidboot.qemu.hwcodec.avcdec=2
INFO         |   androidboot.qemu.hwcodec.hevcdec=2
INFO         |   androidboot.qemu.hwcodec.vpxdec=2
INFO         |   androidboot.qemu.settings.system.screen_off_timeout=2147483647
INFO         |   androidboot.qemu.virtiowifi=1
INFO         |   androidboot.qemu.vsync=60
INFO         |   androidboot.serialno=EMULATOR36X2X12X0
INFO         |   androidboot.vbmeta.digest=c3fec574c004d42a1ba9007bad5d0e4e9018afeb9ec9c0424f1a6b4f033003fb
INFO         |   androidboot.vbmeta.hash_alg=sha256
INFO         |   androidboot.vbmeta.size=6720
INFO         |   androidboot.veritymode=enforcing
WHPX on Windows 10.0.26200 detected.
Windows Hypervisor Platform accelerator is operational
INFO         | Monitoring duration of emulator setup.
WARNING      | The emulator now requires a signed jwt token for gRPC access! Use the -grpc flag if you really want an open unprotected grpc port
INFO         | Using security allow list from: C:\Users\CSH\AppData\Local\Android\Sdk\emulator\lib\emulator_access.json
WARNING      | *** Basic token auth should only be used by android-studio ***
INFO         | The active JSON Web Key Sets can be found here: C:\Users\CSH\AppData\Local\Temp\avd\running\13132\jwks\ae8853c9-a2b5-4ef5-8bc8-c8ec98f15666\active.jwk
INFO         | Scanning C:\Users\CSH\AppData\Local\Temp\avd\running\13132\jwks\ae8853c9-a2b5-4ef5-8bc8-c8ec98f15666 for jwk keys.
INFO         | Started GRPC server at 127.0.0.1:8554, security: Local, auth: +token
INFO         | Advertising in: C:\Users\CSH\AppData\Local\Temp\avd\running\pid_13132.ini
INFO         | Setting display: 0 configuration to: 1080x2280, dpi: 440x440 
INFO         | setDisplayActiveConfig 0
INFO         | Checking system compatibility:
INFO         |   Checking: hasCompatibleHypervisor
INFO         |      Ok: Hypervisor compatibility to run avd: `Pixel_4` are met
INFO         |   Checking: hasSufficientSystem
INFO         |      Ok: System requirements to run avd: `Pixel_4` are met
INFO         |   Checking: hasSufficientHwGpu
INFO         |      Ok: Hardware GPU compatibility checks are not required
INFO         |   Checking: hasSufficientDiskSpace
INFO         |      Ok: Disk space requirements to run avd: `Pixel_4` are met
USER_INFO    | Emulator is performing a full startup. This may take upto two minutes, or more.
INFO         | OpenGL Vendor=[Google (Google Inc.)]
INFO         | OpenGL Renderer=[Android Emulator OpenGL ES Translator (Google SwiftShader)]
INFO         | OpenGL Version=[OpenGL ES 3.0 (OpenGL ES 3.0 SwiftShader 4.0.0.1)]
WARNING      | adb command 'C:\Users\CSH\AppData\Local\Android\Sdk\platform-tools\adb.exe -s emulator-5554 shell am start-foreground-service -e meter on com.android.emulator.radio.config/.MeterService ' failed: 'adb.exe: device offline'
INFO         | Activated packet streamer for uwb emulation
INFO         | Activated packet streamer for bluetooth emulation
INFO         | Critical: UpdateLayeredWindowIndirect failed for ptDst=(525, -849), size=(375x26), dirty=(375x26 0, 0) (시스템에 부착된 장치가 작동하지 않습니다.) (:0, )
INFO         | Boot completed in 73361 ms
INFO         | Increasing screen off timeout, logcat buffer size to 2M.
INFO         | Created VkInstance:000001F7E3F1D590 for application:'' engine:''.
INFO         | Destroyed VkInstance:000001F7E3F1D590 for application:'' engine:''.
INFO         | IPv4 server found: 168.126.63.1
INFO         | Ignore IPv6 address: 609f:9ee4:f701:0:609f:9ee4:f701:0
INFO         | Ignore IPv6 address: 609f:9ee4:f701:0:609f:9ee4:f701:0
INFO         | Ignore IPv6 address: 609f:9ee4:f701:0:609f:9ee4:f701:0
INFO         | Ignore IPv6 address: 58a5:9ee4:f701:0:609f:9ee4:f701:0
INFO         | Ignore IPv6 address: 58a5:9ee4:f701:0:609f:9ee4:f701:0
INFO         | Ignore IPv6 address: 58a5:9ee4:f701:0:609f:9ee4:f701:0
INFO         | Ignore IPv6 address: 28b4:9ee4:f701:0:609f:9ee4:f701:0
INFO         | Ignore IPv6 address: 28b4:9ee4:f701:0:609f:9ee4:f701:0
INFO         | Ignore IPv6 address: 28b4:9ee4:f701:0:609f:9ee4:f701:0
INFO         | Ignore IPv6 address: 30ba:9ee4:f701:0:609f:9ee4:f701:0
INFO         | Ignore IPv6 address: 30ba:9ee4:f701:0:609f:9ee4:f701:0
INFO         | Ignore IPv6 address: 30ba:9ee4:f701:0:609f:9ee4:f701:0
INFO         | Ignore IPv6 address: 10c0:9ee4:f701:0:609f:9ee4:f701:0
INFO         | Ignore IPv6 address: 10c0:9ee4:f701:0:609f:9ee4:f701:0
INFO         | Ignore IPv6 address: 10c0:9ee4:f701:0:609f:9ee4:f701:0
INFO         | IPv4 server found: 168.126.63.1
INFO         | Ignore IPv6 address: 609f:9ee4:f701:0:609f:9ee4:f701:0
INFO         | Ignore IPv6 address: 609f:9ee4:f701:0:609f:9ee4:f701:0
INFO         | Ignore IPv6 address: 609f:9ee4:f701:0:609f:9ee4:f701:0
INFO         | Ignore IPv6 address: 58a5:9ee4:f701:0:609f:9ee4:f701:0
INFO         | Ignore IPv6 address: 58a5:9ee4:f701:0:609f:9ee4:f701:0
INFO         | Ignore IPv6 address: 58a5:9ee4:f701:0:609f:9ee4:f701:0
INFO         | Ignore IPv6 address: 28b4:9ee4:f701:0:609f:9ee4:f701:0
INFO         | Ignore IPv6 address: 28b4:9ee4:f701:0:609f:9ee4:f701:0
INFO         | Ignore IPv6 address: 28b4:9ee4:f701:0:609f:9ee4:f701:0
INFO         | Ignore IPv6 address: 30ba:9ee4:f701:0:609f:9ee4:f701:0
INFO         | Ignore IPv6 address: 30ba:9ee4:f701:0:609f:9ee4:f701:0
INFO         | Ignore IPv6 address: 30ba:9ee4:f701:0:609f:9ee4:f701:0
INFO         | Ignore IPv6 address: 10c0:9ee4:f701:0:609f:9ee4:f701:0
INFO         | Ignore IPv6 address: 10c0:9ee4:f701:0:609f:9ee4:f701:0
INFO         | Ignore IPv6 address: 10c0:9ee4:f701:0:609f:9ee4:f701:0
INFO         | IPv4 server found: 168.126.63.1
INFO         | Ignore IPv6 address: 609f:9ee4:f701:0:609f:9ee4:f701:0
INFO         | Ignore IPv6 address: 609f:9ee4:f701:0:609f:9ee4:f701:0
INFO         | Ignore IPv6 address: 609f:9ee4:f701:0:609f:9ee4:f701:0
INFO         | Ignore IPv6 address: 58a5:9ee4:f701:0:609f:9ee4:f701:0
INFO         | Ignore IPv6 address: 58a5:9ee4:f701:0:609f:9ee4:f701:0
INFO         | Ignore IPv6 address: 58a5:9ee4:f701:0:609f:9ee4:f701:0
INFO         | Ignore IPv6 address: 28b4:9ee4:f701:0:609f:9ee4:f701:0
INFO         | Ignore IPv6 address: 28b4:9ee4:f701:0:609f:9ee4:f701:0
INFO         | Ignore IPv6 address: 28b4:9ee4:f701:0:609f:9ee4:f701:0
INFO         | Ignore IPv6 address: 30ba:9ee4:f701:0:609f:9ee4:f701:0
INFO         | Ignore IPv6 address: 30ba:9ee4:f701:0:609f:9ee4:f701:0
INFO         | Ignore IPv6 address: 30ba:9ee4:f701:0:609f:9ee4:f701:0
INFO         | Ignore IPv6 address: 10c0:9ee4:f701:0:609f:9ee4:f701:0
INFO         | Ignore IPv6 address: 10c0:9ee4:f701:0:609f:9ee4:f701:0
INFO         | Ignore IPv6 address: 10c0:9ee4:f701:0:609f:9ee4:f701:0
INFO         | Critical: UpdateLayeredWindowIndirect failed for ptDst=(525, -849), size=(375x26), dirty=(375x26 0, 0) (시스템에 부착된 장치가 작동하지 않습니다.) (:0, )
INFO         | Wait for emulator (pid 13132) 20 seconds to shutdown gracefully before kill;you can set environment variable ANDROID_EMULATOR_WAIT_TIME_BEFORE_KILL(in seconds) to change the default value (20 seconds)

INFO         | Saving with gfxstream=1
INFO         | OpenGL Vendor=[Google (Google Inc.)]
INFO         | OpenGL Renderer=[Android Emulator OpenGL ES Translator (Google SwiftShader)]
INFO         | OpenGL Version=[OpenGL ES 3.0 (OpenGL ES 3.0 SwiftShader 4.0.0.1)]
INFO         | Saving snapshot 'default_boot' using 1791 ms
